{
  "item1": {
    "item2": [
      {},
      {
        "name": "hello"
      }
    ],
    "item3": [
      {
        "item5": [
          {
            "name": "world",
            "item6": [
              1
            ],
            "item7": [
              [
                1.0
              ]
            ]
          },
          -1
        ]
      }
    ],
    "item4": [
      "hello",
      {}
    ]
  }
}